// analyzed math.rv file
[Structure declaration Vec2]
[Function declaration introduce, return kind: implicit_void]
    [Print]
        [String This is a mathematical module]
[Function declaration getVecFromPos, return kind: implicit_value]
    [Structure literal, defaults: 0]
        - structure
        [Load symbol 0]
        - args
        [Variable index: 0, scope: local]
        [Variable index: 1, scope: local]

already_declared, math
already_declared, math
