invalid_assign_target
invalid_assign_target
invalid_assign_target
type_mismatch, int, float
