missing_file_in_cwd, compiler.rv
missing_file_in_module, vm.rv, data
