invalid_comparison, int, null
invalid_comparison, null, int

non_null_comp_optional, int
non_null_comp_optional, int

non_bool_cond, if, ?bool
invalid_unary, ?bool

null_assign_to_non_optional, float
invalid_arithmetic, ?float
