// IR from the valid import
[Structure declaration Vec2, index: 0, scope: global]
[Fn declaration introduce, index: 1, scope: global, return kind: implicit_void]
    [Print]
        [String This is a mathematical module]
[Fn declaration getVecFromPos, index: 2, scope: global, return kind: implicit_value]
    [Structure literal]
        - structure
        [Variable index: 0, scope: global]
        - args
        [Variable index: 1, scope: local]
        [Variable index: 2, scope: local]

missing_file_in_cwd, pipou.rv
missing_file_in_module, mathh.rv, data
undeclared_var, math
