ExpectBraceOrDo, if
ExpectExpr, =
expect_newl_ine

