missing_array_access_close_bracket
expect_comma_array_values
missing_array_close_bracket
