non_ident_label
non_ident_label
missing_brace_after_label
