WrongValueCountVarDecl, 3
WrongValueCountVarDecl, 3
