<instance of Point>
11
[13, 14]
16

[13, 14]
[[55, 66], [15, 16]]
