Simple arrays

Test 1
[1, 2, 3]
[1, 1234567, 3]
[1, 2, 3]

Test 2
[1, 2, 3]
[1, 10101010, 3]
[1, 2, 3]

Test 3
[1, 2, 3]
[1, 2, 3]
[98765, 2, 3]

Test 4
[98765, 2, 3]
[98765, 2, 3]
[192837, 2, 3]


Multi dim arrays

Test 1
[4, 5, 6]
[4, 1234, 6]
[[1, 2, 3], [4, 5, 6]]

Test 2
[1, 2, 3]
[1, 98, 3]
[[1, 2, 3], [4, 5, 6]]
[[1, 2, 666], [4, 5, 6]]

Test 3
[4, 5, 6]
[4, 5, 6]
[[1, 2, 666], [-1, -2, -3]]

Test 4
[[1, 2, 666], [-1, -2, -3]]
[[1, 2, 666], [-1, -2, -3]]
[[12, 34, 45], [-1, -2, -3]]


Inside struct

Test 1
[10, 20]
[9, 20]

Test 2
[9, 20]
[9, 98]
[9, 20]

Test 3
[[1, 2, 3], [4, 5, 6]]
[4, 5, 6]
[[1, 2, 3], [4, 5, 6]]
[4, 56, 6]

Test 4
[[1, 2, 3], [4, 5, 6]]
[4, 5, 6]
[[1, 2, 3], [4, 5, 56]]
[4, 5, 6]


Chains

[[13, 14], [15, 16]]
[[13, 14], [15, 16]]
[[55, 66], [15, 16]]
[[11, 22], [33, 44]]
