[[13, 14], [15, 16]]
[[13, 14], [15, 16]]
[[55, 66], [15, 16]]
[[11, 22], [33, 44]]
12
11
[[13, 14], [15, 16]]
