
Im on next line
Not escaped \n
Here are some quotes: one " two "

