1.2
2.4
8
true
yup
yup
false
false

3.3
99.99
7
false
yup
Tom
false
false
