"This is a mathematical module"
1
2
8
9
true
3
7
"This is a mathematical module"
6
89

