//---- array_casts.rv ----

-- main --
OP_CONSTANT index 0, value 1
OP_CAST_TO_FLOAT
OP_CONSTANT index 1, value 2
OP_CAST_TO_FLOAT
OP_CONSTANT index 2, value 56.7
OP_ARRAY index 3
OP_CONSTANT index 3, value 45.6
OP_CONSTANT index 4, value 3
OP_CAST_TO_FLOAT
OP_CONSTANT index 5, value 2
OP_CAST_TO_FLOAT
OP_ARRAY index 3
OP_CONSTANT index 6, value 1
OP_CAST_TO_FLOAT
OP_CONSTANT index 7, value 4.5
OP_CONSTANT index 8, value 6
OP_CAST_TO_FLOAT
OP_ARRAY index 3
OP_CONSTANT index 9, value 1
OP_CAST_TO_FLOAT
OP_CONSTANT index 10, value 56
OP_CAST_TO_FLOAT
OP_CONSTANT index 11, value 34
OP_CAST_TO_FLOAT
OP_CONSTANT index 12, value 6.1
OP_ARRAY index 4
OP_NAKED_RETURN

-- global scope --
OP_GET_GLOBAL index 0, <fn main>
OP_CALL index 0

