-- main --
OP_NULL
constant index 0, value 1
OP_CAST_TO_FLOAT
set_local index 1

constant index 1, value 1
constant index 2, value 6
add_int
OP_CAST_TO_FLOAT

ret_naked

-- global scope --
OP_GET_GLOBAL index 0, <fn main>
call index 0
