-- main --
get_global index 0, <structure Person>
constant index 0, value Tom
struct_lit index 1
constant index 1, value Martin
get_local index 1
OP_GET_FIELD_REG index 0
OP_REG_ASSIGN
ret_naked

-- global scope --
get_global index 1, <function main>
call index 0

