//---- invoke_default_values.rv ----

-- boo --
OP_NAKED_RETURN

-- len --
OP_GET_LOCAL_REG index 0
OP_GET_FIELD index 0
OP_GET_LOCAL index 1
OP_ADD_INT
OP_RETURN

-- main --
OP_GET_GLOBAL index 0, <structure Vec2>
OP_LOAD_STRUCT_DEF
OP_GET_DEFAULT index 0
OP_GET_DEFAULT index 1
OP_STRUCT_LIT index 2

OP_GET_LOCAL index 1
OP_LOAD_INVOKE_DEF index 1
OP_GET_DEFAULT index 0
OP_INVOKE arity 1, method index 1
OP_PRINT
OP_NAKED_RETURN

-- global scope --
OP_GET_GLOBAL index 1, <fn main>
OP_CALL index 0
