-- main --
OP_TRUE
OP_JUMP_IF_FALSE 1 -> 6
OP_POP
OP_FALSE
OP_JUMP_IF_FALSE 6 -> 16
OP_POP
OP_CONSTANT index 0, value "yes"
OP_PRINT
OP_JUMP 13 -> 17
OP_POP
OP_NAKED_RETURN

-- global scope --
OP_GET_GLOBAL index 0, <fn main>
OP_CALL index 0
