//---- test.rv ----

-- new --
get_global index 0, <structure Vec1>
get_local index 1
struct_lit index 1
ret

-- new --
get_local_ABSOLUTE index 2
get_local index 1
get_local index 2
struct_lit index 2
ret

-- main --
constant index 0, value <structure Point>
constant index 1, value <structure Vec2>
get_global index 0, <structure Vec1>
constant index 2, value 5
OP_INVOKE arity 1, method index 0
OP_GET_GLOBAL_REG index 0, <structure Vec1>
OP_GET_STATIC_METHOD index 0
get_local index 4
constant index 3, value 65
call index 1
set_local index 3
get_local index 2
constant index 4, value 12
constant index 5, value 99
OP_INVOKE arity 2, method index 0
get_local index 2
OP_GET_STATIC_METHOD index 0
get_local index 6
constant index 6, value 56
constant index 7, value 78
call index 2
set_local index 5
ret_naked

-- global scope --
get_global index 1, <function main>
call index 0
