-- main --
constant index 0, value 0
get_local index 1
constant index 1, value 4
OP_LESS_INT
jump_push_false 7 -> 24
pop
get_local index 1
print
get_local index 1
constant index 2, value 1
add_int
set_local index 1
OP_LOOP 21 -> 2
pop

ret_naked

-- global scope --
OP_GET_GLOBAL index 0, <fn main>
call index 0
