{
    "assignment": {
        "assigne": {
            "literal": "a"
        },
        "value": {
            "binop": {
                "lhs": {
                    "literal": "a"
                },
                "rhs": {
                    "literal": "4"
                },
                "op": "+"
            }
        }
    },
    "assignment": {
        "assigne": {
            "literal": "a"
        },
        "value": {
            "binop": {
                "lhs": {
                    "literal": "a"
                },
                "rhs": {
                    "literal": "7"
                },
                "op": "-"
            }
        }
    },
    "assignment": {
        "assigne": {
            "literal": "a"
        },
        "value": {
            "binop": {
                "lhs": {
                    "literal": "a"
                },
                "rhs": {
                    "literal": "5"
                },
                "op": "*"
            }
        }
    },
    "assignment": {
        "assigne": {
            "literal": "a"
        },
        "value": {
            "binop": {
                "lhs": {
                    "literal": "a"
                },
                "rhs": {
                    "literal": "4"
                },
                "op": "/"
            }
        }
    }
}
