{
    "discard": {
        "if": {
            "condition": {
                "literal": "true"
            },
            "then": {
                "literal": "5"
            },
            "else": {
                "literal": "10"
            }
        }
    },
    "discard": {
        "literal": "56"
    },
    "discard": {
        "block": [
            "literal": "5"
        ]
    }
}
