{
    "fn_call": {
        "callee": {
            "literal": "f"
        },
        "args": [
            "literal": "arg1"
        ]
    },
    "fn_call": {
        "callee": {
            "literal": "f"
        },
        "args": [
            "literal": "arg1",
            "literal": "arg2",
            "literal": "arg3"
        ]
    },
    "fn_call": {
        "callee": {
            "literal": "f"
        },
        "args": [
            "literal": "arg1"
        ]
    },
    "fn_call": {
        "callee": {
            "literal": "f"
        },
        "args": [
            "literal": "arg1",
            "literal": "arg2",
            "literal": "arg3"
        ]
    },
    "fn_call": {
        "callee": {
            "literal": "f"
        },
        "args": [
            "literal": "arg1"
        ]
    },
    "fn_call": {
        "callee": {
            "literal": "f"
        },
        "args": [
            "literal": "arg1"
        ]
    },
    "fn_call": {
        "callee": {
            "literal": "f"
        },
        "args": [
            "literal": "arg1",
            "literal": "arg2",
            "literal": "arg3"
        ]
    }
}
