{
    "fn_call": {
        "callee": {
            "literal": "foo"
        },
        "args": [
            {
                "name": "arg1",
                "literal": "8"
            },
            {
                "name": "secondArg",
                "literal": "azerty"
            }
        ]
    }
}
