{
    "fn_decl": {
        "name": "add",
        "params": [],
        "return_type": "void",
        "block": []
    },
    "fn_decl": {
        "name": "add",
        "params": [
            {
                "name": "arg1",
                "type": "int"
            }
        ],
        "return_type": "void",
        "block": []
    },
    "fn_decl": {
        "name": "add",
        "params": [
            {
                "name": "arg1",
                "type": "int"
            }
        ],
        "return_type": "void",
        "block": []
    },
    "fn_decl": {
        "name": "add",
        "params": [
            {
                "name": "arg1",
                "type": "int"
            }
        ],
        "return_type": "void",
        "block": []
    },
    "fn_decl": {
        "name": "add",
        "params": [
            {
                "name": "arg1",
                "type": "int"
            }
        ],
        "return_type": "void",
        "block": []
    },
    "fn_decl": {
        "name": "add",
        "params": [
            {
                "name": "arg1",
                "type": "int"
            }
        ],
        "return_type": "void",
        "block": []
    },
    "fn_decl": {
        "name": "add",
        "params": [
            {
                "name": "param1",
                "type": "int"
            },
            {
                "name": "param2",
                "type": "Person"
            }
        ],
        "return_type": "void",
        "block": []
    },
    "fn_decl": {
        "name": "_ad",
        "params": [],
        "return_type": "int",
        "block": [
            "var_decl": {
                "name": "tmp",
                "type": {},
                "value": {
                    "literal": "5"
                }
            }
        ]
    },
    "fn_decl": {
        "name": "foo",
        "params": [
            {
                "name": "p1",
                "type": "int"
            },
            {
                "name": "p2",
                "type": "Creation"
            }
        ],
        "return_type": "Promise",
        "block": []
    }
}
