{
    "return": {},
    "return": {
        "literal": "56"
    }
}

