{
    "unary": {
        "op": "-",
        "expr": {
            "literal": "1"
        }
    },
    "unary": {
        "op": "-",
        "expr": {
            "unary": {
                "op": "-",
                "expr": {
                    "literal": "1"
                }
            }
        }
    },
    "binop": {
        "lhs": {
            "unary": {
                "op": "-",
                "expr": {
                    "literal": "5"
                }
            }
        },
        "rhs": {
            "literal": "3"
        },
        "op": "*"
    },
    "unary": {
        "op": "not",
        "expr": {
            "literal": "true"
        }
    },
    "unary": {
        "op": "-",
        "expr": {
            "block": [
                "fn_call": {
                    "callee": {
                        "literal": "add"
                    },
                    "args": []
                }
            ]
        }
    },
    "unary": {
        "op": "not",
        "expr": {
            "if": {
                "condition": {
                    "literal": "true"
                },
                "then": {
                    "literal": "yes"
                },
                "else": {
                    "literal": "no"
                }
            }
        }
    },
    "unary": {
        "op": "not",
        "expr": {
            "unary": {
                "op": "-",
                "expr": {
                    "fn_call": {
                        "callee": {
                            "literal": "add"
                        },
                        "args": []
                    }
                }
            }
        }
    }
}
