{
    "var_decl": {
        "name": "home",
        "type": {},
        "value": {}
    },
    "var_decl": {
        "name": "home",
        "type": "House",
        "value": {}
    },
    "var_decl": {
        "name": "home",
        "type": {},
        "value": {
            "binop": {
                "lhs": {
                    "literal": "12"
                },
                "rhs": {
                    "literal": "4."
                },
                "op": "+"
            }
        }
    },
    "var_decl": {
        "name": "home",
        "type": "House",
        "value": {
            "binop": {
                "lhs": {
                    "literal": "12"
                },
                "rhs": {
                    "literal": "4."
                },
                "op": "+"
            }
        }
    }
}
