[Fn declaration main, index: 0, scope: global, return kind: implicit_void]
    [Variable declaration index: 1, scope: local]
        [Block pop count: 2, is_expr: true]
            [Variable declaration index: 1, scope: local]
                [Int 7]
            [Variable declaration index: 2, scope: local]
                [Int 56]
            [Assignment index: 2, scope: local]
                [Binop type: SubInt, cast: none]
                    [Variable index: 1, scope: local]
                    [Int 5]
            [Variable index: 1, scope: local]
