[Variable declaration index: 0, scope: global]
    [Null]
[Variable declaration index: 1, scope: global]
    [Null]
[Function declaration set_vars]
    [Variable declaration index: 0, scope: local]
        [String init]
    [Closure declaration set]
        [String updated]
        [Assignment index: 0, scope: local, unbox]
        - captures
        [Capture index: 0, is_local: true]
    [Closure declaration get]
        [Print]
            [Unbox]
                [Variable index: 0, scope: local]
        - captures
        [Capture index: 0, is_local: true]
    [Variable index: 1, scope: local]
    [Assignment index: 0, scope: global]
    [Variable index: 2, scope: local]
    [Assignment index: 1, scope: global]
[Function declaration main]
    [Fn call]
        [Load symbol 0]
    [Fn call]
        [Variable index: 0, scope: global]
    [Fn call]
        [Variable index: 1, scope: global]
