[Function declaration main]
    [Variable declaration index: 0, scope: local]
        [If]
        - condition:
            [Bool true]
        - then:
            [Int 4]
        - else:
            [Float 5.6]
    [Variable declaration index: 1, scope: local]
        [If]
        - condition:
            [Bool true]
        - then:
            [Block pop count: 0, is_expr: true]
                [Break depth: 0]
                    [Float 5.6]
        - else:
            [Int 4]
    [Variable declaration index: 2, scope: local]
        [If]
        - condition:
            [Bool true]
        - then:
            [Block pop count: 0, is_expr: true]
                [Break depth: 0]
                    [Float 8.7]
        - else:
            [If]
            - condition:
                [Bool true]
            - then:
                [Block pop count: 0, is_expr: true]
                    [Break depth: 0]
                        [Int 6]
            - else:
                [Int 4]
    [Discard]
        [If]
        - condition:
            [Bool true]
        - then:
            [Block pop count: 0, is_expr: true]
                [Break depth: 0]
                    [String ok]
        - else:
            [String ko]
    [Discard]
        [If]
        - condition:
            [Bool true]
        - then:
            [String ok]
        - else:
            [String ko]
    [Discard]
        [If]
        - condition:
            [Bool true]
        - then:
            [Bool false]
        - else:
            [Block pop count: 0, is_expr: true]
                [Break depth: 0]
                    [Bool true]
    [Discard]
        [If]
        - condition:
            [Bool true]
        - then:
            [Block pop count: 2, is_expr: true]
                [Variable declaration index: 0, scope: local]
                    [Float 5.5]
                [Variable declaration index: 1, scope: local]
                    [Float 8.7]
                [Break depth: 0]
                    [Binop type: add_float]
                        [Variable index: 3, scope: local]
                        [Variable index: 4, scope: local]
        - else:
            [Int 4]
    [Discard]
        [If]
        - condition:
            [Block pop count: 2, is_expr: true]
                [Variable declaration index: 0, scope: local]
                    [Bool true]
                [Variable declaration index: 1, scope: local]
                    [Int 1]
                [Break depth: 0]
                    [Variable index: 3, scope: local]
        - then:
            [Float 1.5]
        - else:
            [Block pop count: 0, is_expr: true]
                [Break depth: 0]
                    [Int 4]
    [Discard]
        [If]
        - condition:
            [Block pop count: 0, is_expr: true]
                [Break depth: 0]
                    [If]
                    - condition:
                        [Bool true]
                    - then:
                        [Bool true]
                    - else:
                        [Bool false]
        - then:
            [Int 1]
        - else:
            [Float 4.5]
    [Function declaration add, returns]
        [If]
        - condition:
            [Bool true]
        - then:
            [Return]
                [Int 1]
        [Return]
            [Int 2]
    [Discard]
        [Fn call]
            [Load symbol 1]
