[Variable declaration index: 0, scope: global]
    [Int 1]
[Variable declaration index: 1, scope: global]
    [String .]
[Variable declaration index: 2, scope: global]
    [String sneaky]
[Function declaration main]
    [Block pop count: 3, is_expr: false]
        [Variable declaration index: 0, scope: local]
            [Float 1.5]
        [Variable declaration index: 1, scope: local]
            [Int 5]
        [Variable declaration index: 2, scope: local]
            [Unary minus]
                [Float 0.5]
        [Print]
            [Binop type: add_float]
                [Variable index: 2, scope: local]
                [Variable index: 0, scope: local]
        [Block pop count: 2, is_expr: false]
            [Variable declaration index: 0, scope: local]
                [Float 6]
            [Variable declaration index: 1, scope: local]
                [Float 1.5]
            [Print]
                [Binop type: add_float]
                    [Variable index: 4, scope: local]
                    [Variable index: 3, scope: local]
            [Print]
                [Binop type: add_float]
                    [Variable index: 3, scope: local]
                    [Variable index: 2, scope: local]
        [Print]
            [Variable index: 1, scope: local]
    [Block pop count: 2, is_expr: false]
        [Variable declaration index: 0, scope: local]
            [String local]
        [Variable declaration index: 1, scope: local]
            [String  var]
        [Print]
            [Binop type: add_str]
                [Binop type: add_str]
                    [Variable index: 0, scope: local]
                    [Variable index: 1, scope: local]
                [Variable index: 1, scope: global]
        [String assign local]
        [Assignment index: 1, scope: local]
        [Block pop count: 1, is_expr: false]
            [Variable declaration index: 0, scope: local]
                [String sublocal]
            [String assign sub]
            [Assignment index: 2, scope: local]
        [Variable index: 0, scope: local]
        [Assignment index: 1, scope: local]
[String still glob]
[Assignment index: 2, scope: global]
