[Function declaration main]
    [Variable declaration index: 0, scope: local]
        [Null]
    [Variable declaration index: 1, scope: local]
        [Int 1]
    [Bool true]
    [Assignment index: 1, scope: local]
    [Variable index: 1, scope: local]
    [Assignment index: 0, scope: local]
